[mannatthemes.com/selfown/default/dark-index-4.html]
[backblue.gif]
[fade.gif]
[index.html]
[mannatthemes.com/selfown/default/images/favicon.ico]
[mannatthemes.com/selfown/default/css/bootstrap.min.css]
[mannatthemes.com/selfown/default/css/style-dark.min.css]
[mannatthemes.com/selfown/default/css/colors/default.css]
[mannatthemes.com/selfown/default/index-4.html]
[mannatthemes.com/selfown/default/images/logo-sm.png]
[mannatthemes.com/selfown/default/images/logo-light.png]
[mannatthemes.com/selfown/default/images/logo-dark.png]
[mannatthemes.com/selfown/default/index.html]
[mannatthemes.com/selfown/default/about.html]
[mannatthemes.com/selfown/default/services.html]
[mannatthemes.com/selfown/default/resume.html]
[mannatthemes.com/selfown/default/projects.html]
[mannatthemes.com/selfown/default/blogs.html]
[mannatthemes.com/selfown/default/contact.html]
[mannatthemes.com/selfown/default/images/personal/main-bg.png]
[mannatthemes.com/selfown/default/images/personal/1.png]
[mannatthemes.com/selfown/default/images/personal/school.png]
[mannatthemes.com/selfown/default/images/personal/school-light.png]
[mannatthemes.com/selfown/default/images/personal/job.png]
[mannatthemes.com/selfown/default/images/personal/job-light.png]
[mannatthemes.com/selfown/default/images/users/user-3.jpg]
[mannatthemes.com/selfown/default/images/users/user-5.jpg]
[mannatthemes.com/selfown/default/images/personal/1.jpg]
[mannatthemes.com/selfown/default/images/users/user-7.jpg]
[mannatthemes.com/selfown/default/images/personal/3.jpg]
[mannatthemes.com/selfown/default/images/users/user-2.jpg]
[mannatthemes.com/selfown/default/images/personal/2.jpg]
[mannatthemes.com/selfown/default/images/personal/testi-pet.png]
[mannatthemes.com/selfown/default/js/bootstrap.bundle.min.js]
[mannatthemes.com/selfown/default/js/feather.js]
[mannatthemes.com/selfown/default/js/shuffle.min.js]
[mannatthemes.com/selfown/default/js/projects.init.js]
[mannatthemes.com/selfown/default/js/text-roted.js]
[mannatthemes.com/selfown/default/js/video.init.js]
[mannatthemes.com/selfown/default/js/app.js]
[mannatthemes.com/selfown/default/dark-index-4.html]
[mannatthemes.com/selfown/default/css/bootstrap.min.css]
[mannatthemes.com/selfown/default/fonts/la-brands-400.eot]
[mannatthemes.com/selfown/default/fonts/la-brands-400d41d.eot]
[mannatthemes.com/selfown/default/fonts/la-brands-400.woff2]
[mannatthemes.com/selfown/default/fonts/la-brands-400.woff]
[mannatthemes.com/selfown/default/fonts/la-brands-400.ttf]
[mannatthemes.com/selfown/default/fonts/la-regular-400.eot]
[mannatthemes.com/selfown/default/fonts/la-regular-400d41d.eot]
[mannatthemes.com/selfown/default/fonts/la-regular-400.woff2]
[mannatthemes.com/selfown/default/fonts/la-regular-400.woff]
[mannatthemes.com/selfown/default/fonts/la-regular-400.ttf]
[mannatthemes.com/selfown/default/fonts/la-solid-900.eot]
[mannatthemes.com/selfown/default/fonts/la-solid-900d41d.eot]
[mannatthemes.com/selfown/default/fonts/la-solid-900.woff2]
[mannatthemes.com/selfown/default/fonts/la-solid-900.woff]
[mannatthemes.com/selfown/default/fonts/la-solid-900.ttf]
[mannatthemes.com/selfown/default/fonts/tabler-icons.woff2]
[mannatthemes.com/selfown/default/fonts/tabler-icons.woff]
[mannatthemes.com/selfown/default/fonts/tabler-icons.ttf]
[mannatthemes.com/selfown/default/css/style-dark.min.css]
[mannatthemes.com/selfown/default/css/colors/default.css]
[mannatthemes.com/selfown/default/index-4.html]
[mannatthemes.com/selfown/default/css/style.min.css]
[mannatthemes.com/selfown/default/blog-detail.html]
[mannatthemes.com/selfown/default/js/typed.js]
[mannatthemes.com/selfown/default/index.html]
[mannatthemes.com/selfown/default/images/personal/2.png]
[mannatthemes.com/selfown/default/about.html]
[mannatthemes.com/selfown/default/services.html]
[mannatthemes.com/selfown/default/resume.html]
[mannatthemes.com/selfown/default/projects.html]
[mannatthemes.com/selfown/default/images/personal/4.jpg]
[mannatthemes.com/selfown/default/images/personal/5.jpg]
[mannatthemes.com/selfown/default/images/personal/6.jpg]
[mannatthemes.com/selfown/default/blogs.html]
[mannatthemes.com/selfown/default/contact.html]
[mannatthemes.com/selfown/default/images/logos/android.svg]
[mannatthemes.com/selfown/default/images/logos/Angular.svg]
[mannatthemes.com/selfown/default/images/logos/bootstrap.svg]
[mannatthemes.com/selfown/default/images/logos/vue.svg]
[mannatthemes.com/selfown/default/images/logos/react.svg]
[mannatthemes.com/selfown/default/images/logos/mongodb.svg]
[mannatthemes.com/selfown/default/images/logos/laravel.svg]
[mannatthemes.com/selfown/default/images/logos/nodejs-icon.svg]
[mannatthemes.com/selfown/default/images/logos/logo-1.svg]
[mannatthemes.com/selfown/default/images/logos/logo-3.svg]
[mannatthemes.com/selfown/default/images/p-1.svg]
[mannatthemes.com/selfown/default/images/personal/contact.svg]
[mannatthemes.com/selfown/default/layout-one-1.html]
[mannatthemes.com/selfown/default/fonts/la-brands-400.svg]
[mannatthemes.com/selfown/default/fonts/la-regular-400.svg]
[mannatthemes.com/selfown/default/fonts/la-solid-900.svg]
[mannatthemes.com/selfown/default/css/fonts/tabler-icons.html]
[mannatthemes.com/selfown/default/css/fonts/tabler-iconsd41d.html]
[mannatthemes.com/selfown/default/fonts/tabler-icons.svg]
[mannatthemes.com/selfown/default/css/style.min.css]
[mannatthemes.com/selfown/default/images/users/user-1.jpg]
[mannatthemes.com/selfown/default/blog-detail.html]
[mannatthemes.com/selfown/default/js/simplebar.min.html]
